// Jest Snapshot v1, https://goo.gl/fbAQLP

exports[`PokemonPage Inicio de componente 1`] = `<h1>Cargando....</h1>`;

exports[`PokemonPage debe hacer mach con el snapshot 1`] = `
<div>
  <h1>¿Quién es este Pokémon?</h1>
  <pokemon-picture-vue-stub pokemonid="1" showpokemon="false"></pokemon-picture-vue-stub>
  <pokemon-options-vue-stub pokemons="[object Object],[object Object],[object Object],[object Object]" todisable="false"></pokemon-options-vue-stub>
  <!--v-if-->
</div>
`;
